[debug] [2024-11-08T19:41:40.280Z] ----------------------------------------------------------------------
[debug] [2024-11-08T19:41:40.282Z] Command:       /usr/local/bin/firebase /Users/reubenturner/.cache/firebase/tools/lib/node_modules/firebase-tools/lib/bin/firebase projects:list --json
[debug] [2024-11-08T19:41:40.283Z] CLI Version:   12.4.7
[debug] [2024-11-08T19:41:40.283Z] Platform:      darwin
[debug] [2024-11-08T19:41:40.284Z] Node Version:  v16.16.0
[debug] [2024-11-08T19:41:40.286Z] Time:          Fri Nov 08 2024 14:41:40 GMT-0500 (Eastern Standard Time)
[debug] [2024-11-08T19:41:40.287Z] ----------------------------------------------------------------------
[debug] 
[debug] [2024-11-08T19:41:40.295Z] >>> [apiv2][query] GET https://firebase-public.firebaseio.com/cli.json [none]
[debug] [2024-11-08T19:41:40.321Z] > command requires scopes: ["email","openid","https://www.googleapis.com/auth/cloudplatformprojects.readonly","https://www.googleapis.com/auth/firebase","https://www.googleapis.com/auth/cloud-platform"]
[debug] [2024-11-08T19:41:40.323Z] > authorizing via signed-in user (groovinchip@gmail.com)
[debug] [2024-11-08T19:41:40.325Z] > refreshing access token with scopes: []
[debug] [2024-11-08T19:41:40.326Z] >>> [apiv2][query] POST https://www.googleapis.com/oauth2/v3/token [none]
[debug] [2024-11-08T19:41:40.327Z] >>> [apiv2][body] POST https://www.googleapis.com/oauth2/v3/token [omitted]
[debug] [2024-11-08T19:41:40.495Z] <<< [apiv2][status] GET https://firebase-public.firebaseio.com/cli.json 200
[debug] [2024-11-08T19:41:40.498Z] <<< [apiv2][body] GET https://firebase-public.firebaseio.com/cli.json {"cloudBuildErrorAfter":1594252800000,"cloudBuildWarnAfter":1590019200000,"defaultNode10After":1594252800000,"minVersion":"3.0.5","node8DeploysDisabledAfter":1613390400000,"node8RuntimeDisabledAfter":1615809600000,"node8WarnAfter":1600128000000}
[debug] [2024-11-08T19:41:40.606Z] <<< [apiv2][status] POST https://www.googleapis.com/oauth2/v3/token 400
[debug] [2024-11-08T19:41:40.607Z] <<< [apiv2][body] POST https://www.googleapis.com/oauth2/v3/token [omitted]
[debug] [2024-11-08T19:41:40.609Z] >>> [apiv2][query] GET https://firebase.googleapis.com/v1beta1/projects pageSize=1000
[debug] [2024-11-08T19:41:40.910Z] <<< [apiv2][status] GET https://firebase.googleapis.com/v1beta1/projects 401
[debug] [2024-11-08T19:41:40.911Z] <<< [apiv2][body] GET https://firebase.googleapis.com/v1beta1/projects [omitted]
[debug] [2024-11-08T19:41:40.912Z] HTTP Error: 401, Request had invalid authentication credentials. Expected OAuth 2 access token, login cookie or other valid authentication credential. See https://developers.google.com/identity/sign-in/web/devconsole-project.
[debug] [2024-11-08T19:41:41.021Z] FirebaseError: HTTP Error: 401, Request had invalid authentication credentials. Expected OAuth 2 access token, login cookie or other valid authentication credential. See https://developers.google.com/identity/sign-in/web/devconsole-project.
    at responseToError (/Users/reubenturner/.cache/firebase/tools/lib/node_modules/firebase-tools/lib/responseToError.js:49:12)
    at RetryOperation._fn (/Users/reubenturner/.cache/firebase/tools/lib/node_modules/firebase-tools/lib/apiv2.js:285:77)
    at processTicksAndRejections (node:internal/process/task_queues:96:5)
[error] 
[error] Error: Failed to list Firebase projects. See firebase-debug.log for more info.
